// Jest Snapshot v1, https://goo.gl/fbAQLP

exports[`Should render Not found page 1`] = `
<div>
  Page Not Found 
  <Link
    to="/"
  >
     Go Home 
  </Link>
</div>
`;
